// Jest Snapshot v1, https://goo.gl/fbAQLP

exports[`renders error message on error page 1`] = `
<div>
  <div>
    Something went wrong, please try again
  </div>
</div>
`;
