// Jest Snapshot v1, https://goo.gl/fbAQLP

exports[`renders new journal entry 1`] = `
<div>
  <div
    class="mx-auto mt-5 border-light card"
    style="max-width: 25rem;"
  >
    <form
      class=""
    >
      <div
        class="form-group"
      >
        <label
          class="form-label"
          for="username"
        >
          Username
        </label>
        <input
          class="form-control"
          id="username"
          name="username"
          placeholder="Enter username"
          type="username"
        />
      </div>
      <div
        class="form-group"
      >
        <label
          class="form-label"
          for="email"
        >
          Email
        </label>
        <input
          class="form-control"
          id="email"
          name="email"
          placeholder="Enter email"
          type="email"
        />
        <small
          class="text-muted form-text"
        >
          We never share your email with anyone else.
        </small>
      </div>
      <div
        class="form-group"
      >
        <label
          class="form-label"
          for="password"
        >
          Password
        </label>
        <input
          autocomplete="on"
          class="form-control"
          id="password"
          name="password"
          placeholder="Password"
          type="password"
        />
      </div>
      <div
        class="form-group"
      >
        <label
          class="form-label"
          for="passwordConfirmation"
        >
          Password
        </label>
        <input
          autocomplete="on"
          class="form-control"
          id="passwordConfirmation"
          name="passwordConfirmation"
          placeholder="Password Confirmation"
          type="password"
        />
      </div>
      <button
        class="btn btn-primary"
        type="submit"
      >
        Sign Up
      </button>
    </form>
  </div>
</div>
`;
